[36mvite v8.0.8 [32mbuilding client environment for production...[36m[39m
[2K
transforming...??639 modules transformed.
